../Core/Src/lcd.c:43:6:lcd_soft_spi_write_data	24	static
../Core/Src/lcd.c:62:6:lcd_hardware_spi_write_data	16	static
../Core/Src/lcd.c:73:6:lcd_write_command	16	static
../Core/Src/lcd.c:91:6:lcd_write_8bit_data	16	static
../Core/Src/lcd.c:110:6:lcd_write_16bit_data	16	static
../Core/Src/lcd.c:131:6:lcd_write_16bit_data_array	24	static
../Core/Src/lcd.c:221:6:lcd_init	8	static
../Core/Src/lcd.c:332:13:lcd_set_region	24	static
../Core/Src/lcd.c:352:6:lcd_set_dir	16	static
../Core/Src/lcd.c:380:6:lcd_set_color	16	static
../Core/Src/lcd.c:393:6:lcd_set_font	16	static
../Core/Src/lcd.c:405:6:lcd_clear	40	dynamic
../Core/Src/lcd.c:428:6:lcd_full	56	dynamic
../Core/Src/lcd.c:455:6:lcd_region_fill	56	dynamic
../Core/Src/lcd.c:488:6:lcd_color_fill	64	dynamic
../Core/Src/lcd.c:520:6:lcd_show_char	288	static
../Core/Src/lcd.c:600:6:lcd_show_string	24	static
../Core/Src/lcd.c:625:6:lcd_show_int	48	static
../Core/Src/lcd.c:657:6:lcd_show_uint	48	static
../Core/Src/lcd.c:692:6:lcd_show_float	80	static
../Core/Src/lcd.c:722:6:lcd_show_chinese	56	static
../Core/Src/lcd.c:768:6:lcd_draw_point	16	static
../Core/Src/lcd.c:783:6:lcd_draw_big_point	32	static
../Core/Src/lcd.c:799:6:lcd_draw_rectangle	32	static
../Core/Src/lcd.c:818:6:draw_circle	32	static
../Core/Src/lcd.c:852:6:lcd_draw_line	40	static
../Core/Src/lcd.c:912:6:lcd_show_wave	72	dynamic
